2026-10-09 10:24:46,914 markata      WARNING  wikilink [[advent---romans-8-20-21]] no matches in file 'pages/daily/2025-12-05-notes.md', defaulting to '/advent---romans-8-20-21'
2026-10-09 10:24:46,930 markata      WARNING  wikilink [[reflection-psalm-305]] no matches in file 'pages/daily/2026-05-13-notes.md', defaulting to '/reflection-psalm-305'
2026-10-09 10:24:46,998 markata      WARNING  wikilink [[autism-and-steadfast-faith]] no matches in file 'pages/daily/2025-08-16-notes.md', defaulting to '/autism-and-steadfast-faith'
2026-10-09 10:24:47,028 markata      WARNING  wikilink [[homelab-monitoring-agent]] no matches in file 'pages/daily/2025-07-09-notes.md', defaulting to '/homelab-monitoring-agent'
2026-10-09 10:24:47,033 markata      WARNING  wikilink [[autism-and-steadfast-faith]] no matches in file 'pages/daily/2025-08-07-notes.md', defaulting to '/autism-and-steadfast-faith'
2026-10-09 10:24:47,067 markata      WARNING  wikilink [[the-audacity]] no matches in file 'pages/daily/2025-12-01-notes.md', defaulting to '/the-audacity'
2026-10-09 10:24:47,083 markata      WARNING  wikilink [[homelab-monitoring-agent]] no matches in file 'pages/daily/2025-07-08-notes.md', defaulting to '/homelab-monitoring-agent'
2026-10-09 10:24:47,096 markata      WARNING  wikilink [[spring-cleaning-2026-homelab-edition]] no matches in file 'pages/daily/2026-03-31-notes.md', defaulting to '/spring-cleaning-2026-homelab-edition'
2026-10-09 10:24:47,106 markata      WARNING  wikilink [[spring-cleaning-2026-homelab-edition]] no matches in file 'pages/daily/2026-03-22-notes.md', defaulting to '/spring-cleaning-2026-homelab-edition'
2026-10-09 10:24:47,109 markata      WARNING  wikilink [[runescape-os-mobile-experience]] no matches in file 'pages/daily/2025-08-27-notes.md', defaulting to '/runescape-os-mobile-experience'
2026-10-09 10:24:47,129 markata      WARNING  wikilink [[reflection---psalm-119-15]] no matches in file 'pages/daily/2025-10-12-notes.md', defaulting to '/reflection---psalm-119-15'
2026-10-09 10:24:47,137 markata      WARNING  wikilink [[pilgrims-creek---about-me#Hello]] no matches in file 'pages/daily/2025-07-16-notes.md', defaulting to '/pilgrims-creek---about-me#Hello'
2026-10-09 10:24:47,149 markata      WARNING  wikilink [[self-hosting-a-code-forge-with-forgejo]] no matches in file 'pages/daily/2025-08-22-notes.md', defaulting to '/self-hosting-a-code-forge-with-forgejo'
2026-10-09 10:24:47,201 markata      WARNING  wikilink [[self-hosting-a-code-forge-with-forgejo]] no matches in file 'pages/daily/2025-08-21-notes.md', defaulting to '/self-hosting-a-code-forge-with-forgejo'
2026-10-09 10:24:47,210 markata      WARNING  wikilink [[reflection---mark-4-1-20]] no matches in file 'pages/daily/2025-10-24-notes.md', defaulting to '/reflection---mark-4-1-20'
2026-10-09 10:24:47,214 markata      WARNING  wikilink [[pilgrims-creek---about-me]] no matches in file 'pages/daily/2025-07-18-notes.md', defaulting to '/pilgrims-creek---about-me'
2026-10-09 10:24:47,215 markata      WARNING  wikilink [[after-exceeding-expectations-every-year]] no matches in file 'pages/daily/2025-07-18-notes.md', defaulting to '/after-exceeding-expectations-every-year'
2026-10-09 10:24:47,217 markata      WARNING  wikilink [[reflection-john-1421]] no matches in file 'pages/daily/2026-05-12-notes.md', defaulting to '/reflection-john-1421'
2026-10-09 10:24:47,320 markata      WARNING  wikilink [[setting-up-a-laptop-in-2025]] no matches in file 'pages/daily/2025-07-23-notes.md', defaulting to '/setting-up-a-laptop-in-2025'
2026-10-09 10:24:47,332 markata      WARNING  wikilink [[reflection---galatians-5-1]] no matches in file 'pages/daily/2025-09-19-notes.md', defaulting to '/reflection---galatians-5-1'
2026-10-09 10:24:47,338 markata      WARNING  wikilink [[reflection-galatians-524-25]] no matches in file 'pages/daily/2025-09-18-notes.md', defaulting to '/reflection-galatians-524-25'
2026-10-09 10:24:47,346 markata      WARNING  wikilink [[self-hosting-a-code-forge-with-forgejo]] no matches in file 'pages/daily/2025-08-20-notes.md', defaulting to '/self-hosting-a-code-forge-with-forgejo'
2026-10-09 10:24:47,349 markata      WARNING  wikilink [[advent---1-peter-1-3]] no matches in file 'pages/daily/2025-12-04-notes.md', defaulting to '/advent---1-peter-1-3'
2026-10-09 10:24:47,384 markata      WARNING  wikilink [[reflection---mark-4-1-20]] no matches in file 'pages/daily/2025-10-21-notes.md', defaulting to '/reflection---mark-4-1-20'
2026-10-09 10:24:47,428 markata      WARNING  wikilink [[should-data-models-be-fat]] no matches in file 'pages/daily/2025-10-09-notes.md', defaulting to '/should-data-models-be-fat'
2026-10-09 10:24:47,439 markata      WARNING  wikilink [[Angel-of-Yahweh]] no matches in file 'pages/faith/reflection-1-kings-19-8.md', defaulting to '/Angel-of-Yahweh'
2026-10-09 10:24:47,449 markata      WARNING  wikilink [[advent-2025---love]] no matches in file 'pages/faith/the-hidden-things-belong-to-yahweh.md', defaulting to '/advent-2025---love'
2026-10-09 10:24:47,459 markata      WARNING  wikilink [[reflection---galatians-5-1]] no matches in file 'pages/faith/reflection-romans-3-26.md', defaulting to '/reflection---galatians-5-1'
2026-10-09 10:24:47,491 markata      WARNING  wikilink [[premarital-session-2---march-2026]] no matches in file 'pages/faith/premarital-session-1---feb-2026.md', defaulting to '/premarital-session-2---march-2026'
2026-10-09 10:24:47,606 markata      WARNING  wikilink [[Nexus]] no matches in file 'pages/til/agents-can-miss-obvious-things-too.md', defaulting to '/Nexus'
2026-10-09 10:24:47,826 markata      WARNING  wikilink [[postiz]] no matches in file 'pages/til/nostr-hex-key.md', defaulting to '/postiz'
2026-10-09 10:24:48,420 markata      WARNING  wikilink [[postiz]] no matches in file 'pages/blog/testing-a-postiz-change-locally.md', defaulting to '/postiz'
2026-10-09 10:24:48,832 markata      WARNING  wikilink [[getting-started-with-nostr]] no matches in file 'pages/blog/nostr.md', defaulting to '/getting-started-with-nostr'
2026-10-09 10:24:48,835 markata      WARNING  wikilink [[getting-started-with-nostr]] no matches in file 'pages/blog/nostr.md', defaulting to '/getting-started-with-nostr'
2026-10-09 10:24:48,837 markata      WARNING  wikilink [[getting-started-with-nostr]] no matches in file 'pages/blog/nostr.md', defaulting to '/getting-started-with-nostr'
2026-10-09 10:24:58,062 markata      WARNING  wikilink [[consider-the-point]] no matches in file 'pages/slash/now.md', defaulting to '/consider-the-point'
2026-10-09 10:24:58,084 markata      WARNING  wikilink [[self-hosting-a-code-forge-with-forgejo]] no matches in file 'pages/slash/now.md', defaulting to '/self-hosting-a-code-forge-with-forgejo'
2026-10-09 10:24:58,141 markata      WARNING  wikilink [[should-data-models-be-fat]] no matches in file 'UNKNOWN', defaulting to '/should-data-models-be-fat'
2026-10-09 10:24:58,190 markata      WARNING  wikilink [[autism-and-steadfast-faith]] no matches in file 'UNKNOWN', defaulting to '/autism-and-steadfast-faith'
2026-10-09 10:24:58,773 markata      WARNING  wikilink [[autism-and-steadfast-faith]] no matches in file 'pages/advent/advent-isaiah-26-3.md', defaulting to '/autism-and-steadfast-faith'
2026-10-09 10:25:00,150 markata      WARNING  wikilink [[self-hosting-a-code-forge-with-forgejo]] no matches in file 'pages/glossary/forgejo.md', defaulting to '/self-hosting-a-code-forge-with-forgejo'
